[1/547] @AsmonTV /videos ... 947 kept of 1051 listed (27.3s)
[2/547] @AsmonTV /streams ... ERROR: [youtube:tab] @AsmonTV: This channel does not have a streams tab
ERROR: could not read https://www.youtube.com/@AsmonTV/streams
[3/547] @BenShapiro /videos ... 525 kept of 567 listed (14.6s)
[4/547] @BenShapiro /streams ... 17 kept of 19 listed (0.4s)
[5/547] @ClipsCandaceOwens /videos ... 192 kept of 192 listed (5.0s)
[6/547] @ClipsCandaceOwens /streams ... ERROR: [youtube:tab] @ClipsCandaceOwens: This channel does not have a streams tab
ERROR: could not read https://www.youtube.com/@ClipsCandaceOwens/streams
[7/547] @HasanAbi /videos ... 635 kept of 685 listed (16.8s)
[8/547] @HasanAbi /streams ... 7 kept of 7 listed (0.3s)
[9/547] @HasanAbiVODs3 /videos ... 181 kept of 229 listed (6.0s)
[10/547] @HasanAbiVODs3 /streams ... ERROR: [youtube:tab] @HasanAbiVODs3: This channel does not have a streams tab
ERROR: could not read https://www.youtube.com/@HasanAbiVODs3/streams
[11/547] @LukeBeasley /videos ... --- restart 11:41:38 ---
[2/547] @AsmonTV /streams ... ERROR: [youtube:tab] @AsmonTV: This channel does not have a streams tab
ERROR: could not read https://www.youtube.com/@AsmonTV/streams
[6/547] @ClipsCandaceOwens /streams ... ERROR: [youtube:tab] @ClipsCandaceOwens: This channel does not have a streams tab
ERROR: could not read https://www.youtube.com/@ClipsCandaceOwens/streams
[10/547] @HasanAbiVODs3 /streams ... ERROR: [youtube:tab] @HasanAbiVODs3: This channel does not have a streams tab
ERROR: could not read https://www.youtube.com/@HasanAbiVODs3/streams
[11/547] @LukeBeasley /videos ... 1168 kept of 1273 listed (33.1s)
[12/547] @LukeBeasley /streams ... 247 kept of 247 listed (6.5s)
[13/547] @MattWalsh /videos ... 297 kept of 352 listed (9.1s)
[14/547] @MattWalsh /streams ... 2 kept of 4 listed (0.4s)
[15/547] @MegynKelly /videos ... --- restart 11:43:11 (no_tab classification fix) ---
[2/547] @AsmonTV /streams ... ERROR: [youtube:tab] @AsmonTV: This channel does not have a streams tab
no such tab
[6/547] @ClipsCandaceOwens /streams ... ERROR: [youtube:tab] @ClipsCandaceOwens: This channel does not have a streams tab
no such tab
[10/547] @HasanAbiVODs3 /streams ... ERROR: [youtube:tab] @HasanAbiVODs3: This channel does not have a streams tab
no such tab
[15/547] @MegynKelly /videos ... 1651 kept of 1807 listed (45.7s)
[16/547] @MegynKelly /streams ... 13 kept of 13 listed (0.4s)
[17/547] @MeidasTouch /videos ... 3533 kept of 3943 listed (100.6s)
[18/547] @MeidasTouch /streams ... 631 kept of 699 listed (18.5s)
[19/547] @MichaelKnowles /videos ... 472 kept of 533 listed (13.9s)
[20/547] @MichaelKnowles /streams ... 4 kept of 6 listed (0.4s)
[21/547] @PBDPodcast /videos ... 38 kept of 40 listed (1.1s)
[22/547] @PBDPodcast /streams ... 118 kept of 131 listed (3.6s)
[23/547] @PartOfTheProblem /videos ... 103 kept of 114 listed (2.6s)
[24/547] @PartOfTheProblem /streams ... 0 kept of 0 listed (0.3s)
[25/547] @SecularTalk /videos ... 1459 kept of 1605 listed (42.2s)
[26/547] @SecularTalk /streams ... 1 kept of 1 listed (0.4s)
[27/547] @StevenCrowder /videos ... 169 kept of 187 listed (5.1s)
[28/547] @StevenCrowder /streams ... 8 kept of 9 listed (0.4s)
[29/547] @TheMajorityReport /videos ... 1660 kept of 1844 listed (48.2s)
[30/547] @TheMajorityReport /streams ... 195 kept of 216 listed (5.8s)
[31/547] @TheYoungTurks /videos ... 2872 kept of 3134 listed (84.7s)
[32/547] @TheYoungTurks /streams ... 451 kept of 491 listed (12.8s)
[33/547] @TimDillonShow /videos ... 68 kept of 74 listed (1.9s)
[34/547] @TimDillonShow /streams ... 0 kept of 0 listed (0.2s)
[35/547] @Timcast /videos ... 186 kept of 222 listed (5.5s)
[36/547] @Timcast /streams ... 6 kept of 8 listed (0.4s)
[37/547] @TuckerCarlson /videos ... 119 kept of 133 listed (3.5s)
[38/547] @TuckerCarlson /streams ... 0 kept of 0 listed (0.3s)
[39/547] @Vaush /videos ... 453 kept of 493 listed (12.6s)
[40/547] @Vaush /streams ... 1 kept of 1 listed (0.4s)
[41/547] @adammockler /videos ... 1125 kept of 1278 listed (33.0s)
[42/547] @adammockler /streams ... 2 kept of 2 listed (0.3s)
[43/547] @bennyjohnson /videos ... 1508 kept of 1661 listed (43.1s)
[44/547] @bennyjohnson /streams ... 168 kept of 191 listed (5.0s)
[45/547] @breakingpoints /videos ... 1037 kept of 1143 listed (29.3s)
[46/547] @breakingpoints /streams ... 4 kept of 4 listed (0.3s)
[47/547] @briantylercohen /videos ... 1082 kept of 1212 listed (31.1s)
[48/547] @briantylercohen /streams ... 10 kept of 12 listed (0.3s)
[49/547] @deanwithrs /videos ... 265 kept of 285 listed (7.1s)
[50/547] @deanwithrs /streams ... 268 kept of 298 listed (7.3s)
[51/547] @destiny /videos ... 267 kept of 279 listed (7.2s)
[52/547] @destiny /streams ... ERROR: [youtube:tab] @destiny: This channel does not have a streams tab
no such tab
[53/547] @glennbeck /videos ... 460 kept of 503 listed (12.7s)
[54/547] @glennbeck /streams ... 125 kept of 125 listed (3.3s)
[55/547] @hutch /videos ... 162 kept of 174 listed (4.3s)
[56/547] @hutch /streams ... 50 kept of 50 listed (1.0s)
[57/547] @joerogan /videos ... 141 kept of 156 listed (4.3s)
[58/547] @joerogan /streams ... 1 kept of 1 listed (0.4s)
[59/547] @podsaveamerica /videos ... 731 kept of 803 listed (20.3s)
[60/547] @podsaveamerica /streams ... 0 kept of 0 listed (0.3s)
[61/547] @ponderingpolitics /videos ... 1470 kept of 1619 listed (40.8s)
[62/547] @ponderingpolitics /streams ... 2 kept of 2 listed (0.4s)
[63/547] @samharrisorg /videos ... 116 kept of 128 listed (3.4s)
[64/547] @samharrisorg /streams ... ERROR: [youtube:tab] @samharrisorg: This channel does not have a streams tab
no such tab
[65/547] @thedavidpakmanshow /videos ... 1659 kept of 1845 listed (47.6s)
[66/547] @thedavidpakmanshow /streams ... 5 kept of 5 listed (0.4s)
[67/547] @triggerpod /videos ... 152 kept of 163 listed (4.2s)
[68/547] @triggerpod /streams ... 6 kept of 6 listed (0.4s)
[69/547] @MLChristiansen /videos ... 118 kept of 126 listed (3.4s)
[70/547] @MLChristiansen /streams ... 77 kept of 84 listed (2.1s)
[71/547] @TheOfficerTatum /videos ... 617 kept of 661 listed (17.0s)
[72/547] @TheOfficerTatum /streams ... 194 kept of 195 listed (4.9s)
[73/547] @therationalnational /videos ... 142 kept of 154 listed (4.2s)
[74/547] @therationalnational /streams ... 7 kept of 7 listed (0.3s)
[75/547] @SecondThought /videos ... 20 kept of 22 listed (0.4s)
[76/547] @SecondThought /streams ... ERROR: [youtube:tab] @SecondThought: This channel does not have a streams tab
no such tab
[77/547] @bulwarkmedia /videos ... 2137 kept of 2400 listed (61.1s)
[78/547] @bulwarkmedia /streams ... 228 kept of 234 listed (5.9s)
[79/547] @LeejaMiller /videos ... 60 kept of 68 listed (2.0s)
[80/547] @LeejaMiller /streams ... 1 kept of 1 listed (0.4s)
[81/547] @PiersMorganUncensored /videos ... 181 kept of 206 listed (5.1s)
[82/547] @PiersMorganUncensored /streams ... 0 kept of 1 listed (0.4s)
[83/547] @zeteo /videos ... 206 kept of 220 listed (5.9s)
[84/547] @zeteo /streams ... 25 kept of 28 listed (0.4s)
[85/547] @TheDamageReport /videos ... 3206 kept of 3530 listed (93.8s)
[86/547] @TheDamageReport /streams ... 274 kept of 294 listed (7.2s)
[87/547] @TheHumanistReport /videos ... 154 kept of 170 listed (4.2s)
[88/547] @TheHumanistReport /streams ... 35 kept of 38 listed (1.2s)
[89/547] @FarronBalanced /videos ... 1782 kept of 1912 listed (50.0s)
[90/547] @FarronBalanced /streams ... 188 kept of 197 listed (5.1s)
[91/547] @dollemore /videos ... 1439 kept of 1580 listed (41.9s)
[92/547] @dollemore /streams ... 4 kept of 5 listed (0.4s)
[93/547] @RebelHQ /videos ... 1293 kept of 1437 listed (38.2s)
[94/547] @RebelHQ /streams ... 0 kept of 1 listed (0.3s)
[95/547] @StatusCoup /videos ... 517 kept of 573 listed (15.7s)
[96/547] @StatusCoup /streams ... 159 kept of 178 listed (4.2s)
[97/547] @SMN /videos ... 197 kept of 217 listed (5.6s)
[98/547] @SMN /streams ... 8 kept of 8 listed (0.3s)
[99/547] @BelleRanch /videos ... 822 kept of 912 listed (23.8s)
[100/547] @BelleRanch /streams ... 0 kept of 0 listed (0.4s)
[101/547] @harryjsisson /videos ... 688 kept of 751 listed (20.2s)
[102/547] @harryjsisson /streams ... 3 kept of 3 listed (0.3s)
[103/547] @aaronparnas1 /videos ... 819 kept of 940 listed (24.8s)
[104/547] @aaronparnas1 /streams ... 13 kept of 14 listed (0.3s)
[105/547] @rolandsmartin /videos ... 742 kept of 815 listed (22.2s)
[106/547] @rolandsmartin /streams ... 1223 kept of 1326 listed (35.7s)
[107/547] @DropSiteNews /videos ... 204 kept of 241 listed (6.6s)
[108/547] @DropSiteNews /streams ... 43 kept of 47 listed (1.2s)
[109/547] @BadFaithPodcast /videos ... 81 kept of 89 listed (1.9s)
[110/547] @BadFaithPodcast /streams ... 1 kept of 1 listed (0.4s)
[111/547] @thejimmydoreshow /videos ... 1146 kept of 1261 listed (35.2s)
[112/547] @thejimmydoreshow /streams ... 116 kept of 121 listed (3.4s)
[113/547] @KimIversen /videos ... 534 kept of 607 listed (16.6s)
[114/547] @KimIversen /streams ... 1 kept of 1 listed (0.3s)
[115/547] @NovaraMedia /videos ... 585 kept of 650 listed (17.1s)
[116/547] @NovaraMedia /streams ... 4 kept of 6 listed (0.5s)
[117/547] @lovettorleaveitpodcast /videos ... 114 kept of 129 listed (3.6s)
[118/547] @lovettorleaveitpodcast /streams ... ERROR: [youtube:tab] @lovettorleaveitpodcast: This channel does not have a streams tab
no such tab
[119/547] @PoliticsGirl /videos ... 116 kept of 125 listed (3.4s)
[120/547] @PoliticsGirl /streams ... 0 kept of 0 listed (0.3s)
[121/547] @TheLincolnProject /videos ... 123 kept of 131 listed (3.6s)
[122/547] @TheLincolnProject /streams ... 28 kept of 31 listed (1.1s)
[123/547] @chriscuomo /videos ... 208 kept of 216 listed (5.8s)
[124/547] @chriscuomo /streams ... 9 kept of 9 listed (0.4s)
[125/547] @MichaelMaliceofficial /videos ... 55 kept of 59 listed (1.2s)
[126/547] @MichaelMaliceofficial /streams ... 3 kept of 3 listed (0.3s)
[127/547] @StosselTV /videos ... 50 kept of 55 listed (1.2s)
[128/547] @StosselTV /streams ... 0 kept of 0 listed (0.3s)
[129/547] @RubinReport /videos ... 1093 kept of 1211 listed (32.3s)
[130/547] @RubinReport /streams ... 115 kept of 130 listed (3.5s)
[131/547] @ColemanHughesOfficial /videos ... 54 kept of 59 listed (1.2s)
[132/547] @ColemanHughesOfficial /streams ... 0 kept of 0 listed (0.2s)
[133/547] @DarkHorsePod /videos ... 70 kept of 78 listed (2.2s)
[134/547] @DarkHorsePod /streams ... 38 kept of 42 listed (1.2s)
[135/547] @OfficialFlagrant /videos ... 35 kept of 39 listed (1.1s)
[136/547] @OfficialFlagrant /streams ... 0 kept of 0 listed (0.3s)
[137/547] @turningpointusa /videos ... 183 kept of 212 listed (5.7s)
[138/547] @turningpointusa /streams ... 14 kept of 15 listed (0.4s)
[139/547] @marklevinshow /videos ... 505 kept of 561 listed (14.7s)
[140/547] @marklevinshow /streams ... ERROR: [youtube:tab] @marklevinshow: This channel does not have a streams tab
no such tab
[141/547] @bbrettcooper /videos ... 143 kept of 159 listed (4.3s)
[142/547] @bbrettcooper /streams ... 0 kept of 0 listed (0.3s)
[143/547] @theisabelbrown /videos ... 141 kept of 167 listed (4.3s)
[144/547] @theisabelbrown /streams ... 0 kept of 0 listed (0.4s)
[145/547] @lizwheeler /videos ... 86 kept of 110 listed (2.7s)
[146/547] @lizwheeler /streams ... 70 kept of 70 listed (1.9s)
[147/547] @AndrewKlavan /videos ... 196 kept of 217 listed (6.0s)
[148/547] @AndrewKlavan /streams ... 3 kept of 4 listed (0.3s)
[149/547] @RealAlexClark /videos ... 79 kept of 88 listed (2.0s)
[150/547] @RealAlexClark /streams ... 0 kept of 0 listed (0.4s)
[151/547] @BlazeTV /videos ... 868 kept of 963 listed (25.7s)
[152/547] @BlazeTV /streams ... 14 kept of 14 listed (0.4s)
[153/547] @PragerU /videos ... 387 kept of 430 listed (11.3s)
[154/547] @PragerU /streams ... 32 kept of 33 listed (1.2s)
[155/547] @TimcastIRL /videos ... 903 kept of 1007 listed (26.1s)
[156/547] @TimcastIRL /streams ... 154 kept of 169 listed (4.5s)
[157/547] @TimcastNews /videos ... 548 kept of 618 listed (15.7s)
[158/547] @TimcastNews /streams ... 8 kept of 8 listed (0.4s)
[159/547] @AnthonyBrianLogan /videos ... 248 kept of 267 listed (6.7s)
[160/547] @AnthonyBrianLogan /streams ... 52 kept of 61 listed (1.9s)
[161/547] @DrSteveTurleyTV /videos ... 444 kept of 495 listed (12.7s)
[162/547] @DrSteveTurleyTV /streams ... 31 kept of 34 listed (1.1s)
[163/547] @SaltyCracker /videos ... 387 kept of 437 listed (11.3s)
[164/547] @SaltyCracker /streams ... ERROR: [youtube:tab] @SaltyCracker: This channel does not have a streams tab
no such tab
[165/547] @TheQuartering /videos ... 691 kept of 782 listed (20.6s)
[166/547] @TheQuartering /streams ... ERROR: [youtube:tab] @TheQuartering: This channel does not have a streams tab
no such tab
[167/547] @ActualJusticeWarrior /videos ... 392 kept of 440 listed (11.4s)
[168/547] @ActualJusticeWarrior /streams ... 1 kept of 1 listed (0.4s)
[169/547] @Styxhexenhammer666 /videos ... 449 kept of 540 listed (14.1s)
[170/547] @Styxhexenhammer666 /streams ... 27 kept of 48 listed (1.2s)
[171/547] @dineshdsouza /videos ... 92 kept of 160 listed (4.4s)
[172/547] @dineshdsouza /streams ... 2 kept of 2 listed (0.3s)
[173/547] @RebelNewsOnline /videos ... 1368 kept of 1562 listed (41.2s)
[174/547] @RebelNewsOnline /streams ... 197 kept of 219 listed (5.8s)
[175/547] @SNEAKO /videos ... 5 kept of 7 listed (0.4s)
[176/547] @SNEAKO /streams ... 0 kept of 0 listed (0.4s)
[177/547] @LIVESNEAKO /videos ... 481 kept of 509 listed (13.8s)
[178/547] @LIVESNEAKO /streams ... 69 kept of 71 listed (1.9s)
[179/547] @The_Crucible /videos ... 226 kept of 244 listed (6.5s)
[180/547] @The_Crucible /streams ... 5 kept of 5 listed (0.3s)
[181/547] @JacksonHinkleOfficial /videos ... 391 kept of 449 listed (11.5s)
[182/547] @JacksonHinkleOfficial /streams ... 83 kept of 84 listed (2.5s)
[183/547] @lonerboxlive /videos ... 88 kept of 105 listed (6.4s)
[184/547] @lonerboxlive /streams ... 0 kept of 1 listed (0.6s)
[185/547] @Xanderhal /videos ... 316 kept of 372 listed (9.8s)
[186/547] @Xanderhal /streams ... 108 kept of 122 listed (3.5s)
[187/547] @DailyDenims /videos ... 215 kept of 215 listed (5.8s)
[188/547] @DailyDenims /streams ... ERROR: [youtube:tab] @DailyDenims: This channel does not have a streams tab
no such tab
[189/547] @PiscoLitty /videos ... 56 kept of 62 listed (1.9s)
[190/547] @PiscoLitty /streams ... 0 kept of 1 listed (0.7s)
[191/547] @TheSerfTimes /videos ... 247 kept of 276 listed (7.3s)
[192/547] @TheSerfTimes /streams ... 106 kept of 123 listed (3.4s)
[193/547] @FreshFitMiami /videos ... 111 kept of 121 listed (3.4s)
[194/547] @FreshFitMiami /streams ... 82 kept of 85 listed (2.0s)
[195/547] @moreperfectunion /videos ... 71 kept of 78 listed (1.9s)
[196/547] @moreperfectunion /streams ... 4 kept of 4 listed (0.3s)
[197/547] @JackCocchiarellaShow /videos ... 1602 kept of 1781 listed (45.5s)
[198/547] @JackCocchiarellaShow /streams ... 21 kept of 21 listed (0.4s)
[199/547] @TheRealTabithaSpeaks /videos ... 452 kept of 520 listed (13.9s)
[200/547] @TheRealTabithaSpeaks /streams ... 4 kept of 6 listed (0.4s)
[201/547] @PhillipScottPodcast /videos ... 7 kept of 33 listed (1.2s)
[202/547] @PhillipScottPodcast /streams ... 153 kept of 154 listed (4.3s)
[203/547] @MrTariqNasheed /videos ... 403 kept of 486 listed (12.7s)
[204/547] @MrTariqNasheed /streams ... 19 kept of 21 listed (0.4s)
[205/547] @underthedesknews /videos ... 79 kept of 90 listed (2.7s)
[206/547] @underthedesknews /streams ... 119 kept of 119 listed (3.4s)
[207/547] @usefulidiots /videos ... 190 kept of 211 listed (5.8s)
[208/547] @usefulidiots /streams ... 69 kept of 73 listed (1.9s)
[209/547] @thomhartmann /videos ... 784 kept of 847 listed (22.3s)
[210/547] @thomhartmann /streams ... 0 kept of 2 listed (0.3s)
[211/547] @SabbySabs /videos ... 626 kept of 699 listed (18.6s)
[212/547] @SabbySabs /streams ... 103 kept of 111 listed (2.8s)
[213/547] @DueDissidence /videos ... 643 kept of 738 listed (19.2s)
[214/547] @DueDissidence /streams ... 112 kept of 123 listed (3.4s)
[215/547] @thegrayzone7996 /videos ... 155 kept of 179 listed (4.0s)
[216/547] @thegrayzone7996 /streams ... 36 kept of 41 listed (1.1s)
[217/547] @GeopoliticalEconomyReport /videos ... 72 kept of 79 listed (1.9s)
[218/547] @GeopoliticalEconomyReport /streams ... 0 kept of 0 listed (0.3s)
[219/547] @DannyHaiphongYT /videos ... 64 kept of 84 listed (2.0s)
[220/547] @DannyHaiphongYT /streams ... 228 kept of 245 listed (6.8s)
[221/547] @judgingfreedom /videos ... 355 kept of 367 listed (9.7s)
[222/547] @judgingfreedom /streams ... 699 kept of 776 listed (19.2s)
[223/547] @LeverNews /videos ... 73 kept of 77 listed (2.0s)
[224/547] @LeverNews /streams ... 9 kept of 10 listed (0.3s)
[225/547] @DemocracyNow /videos ... 817 kept of 905 listed (24.0s)
[226/547] @DemocracyNow /streams ... 1 kept of 1 listed (0.4s)
[227/547] @doomscrollpodcast /videos ... 17 kept of 18 listed (0.4s)
[228/547] @doomscrollpodcast /streams ... ERROR: [youtube:tab] @doomscrollpodcast: This channel does not have a streams tab
no such tab
[229/547] @DylanBurnsLIVE /videos ... 190 kept of 216 listed (5.9s)
[230/547] @DylanBurnsLIVE /streams ... 3 kept of 3 listed (0.3s)
[231/547] @marclamonthillnetwork /videos ... 321 kept of 358 listed (9.0s)
[232/547] @marclamonthillnetwork /streams ... 151 kept of 166 listed (4.3s)
[233/547] @Tim_Black /videos ... 329 kept of 356 listed (8.8s)
[234/547] @Tim_Black /streams ... 16 kept of 17 listed (0.4s)
[235/547] @OwenJonesTalks /videos ... 233 kept of 251 listed (6.7s)
[236/547] @OwenJonesTalks /streams ... 0 kept of 0 listed (0.4s)
[237/547] @DoubleDownNews /videos ... 66 kept of 69 listed (1.8s)
[238/547] @DoubleDownNews /streams ... 0 kept of 0 listed (0.3s)
[239/547] @PoliticsJOE /videos ... 339 kept of 380 listed (10.1s)
[240/547] @PoliticsJOE /streams ... 0 kept of 0 listed (0.4s)
[241/547] @TheJoyReidShow /videos ... 238 kept of 257 listed (6.6s)
[242/547] @TheJoyReidShow /streams ... 144 kept of 161 listed (4.1s)
[243/547] @TheDonLemonShow /videos ... 366 kept of 402 listed (10.4s)
[244/547] @TheDonLemonShow /streams ... 400 kept of 444 listed (11.3s)
[245/547] @jimacosta /videos ... 314 kept of 339 listed (8.9s)
[246/547] @jimacosta /streams ... 161 kept of 173 listed (4.4s)
[247/547] @msnow /videos ... 9882 kept of 10879 listed (280.4s)
[248/547] @msnow /streams ... 335 kept of 366 listed (9.7s)
[249/547] @LegalAFMTN /videos ... 2740 kept of 3013 listed (81.3s)
[250/547] @LegalAFMTN /streams ... 46 kept of 49 listed (4.7s)
[251/547] @GlennKirschner2 /videos ... 264 kept of 294 listed (7.5s)
[252/547] @GlennKirschner2 /streams ... ERROR: [youtube:tab] @GlennKirschner2: This channel does not have a streams tab
no such tab
[253/547] @LegalEagle /videos ... 105 kept of 119 listed (2.7s)
[254/547] @LegalEagle /streams ... ERROR: [youtube:tab] @LegalEagle: This channel does not have a streams tab
no such tab
[255/547] @DemocracyDocket /videos ... 129 kept of 140 listed (3.4s)
[256/547] @DemocracyDocket /streams ... 4 kept of 4 listed (3.6s)
[257/547] @katiephangnews /videos ... 403 kept of 439 listed (11.3s)
[258/547] @katiephangnews /streams ... 45 kept of 47 listed (1.0s)
[259/547] @TheMichaelCohenShow /videos ... 479 kept of 545 listed (14.2s)
[260/547] @TheMichaelCohenShow /streams ... ERROR: [youtube:tab] @TheMichaelCohenShow: This channel does not have a streams tab
no such tab
[261/547] @PTLRadioShow /videos ... 1685 kept of 1879 listed (50.6s)
[262/547] @PTLRadioShow /streams ... 202 kept of 222 listed (5.7s)
[263/547] @thewarningwithsteveschmidt /videos ... 363 kept of 388 listed (9.8s)
[264/547] @thewarningwithsteveschmidt /streams ... 113 kept of 113 listed (2.8s)
[265/547] @cafedotcom /videos ... 54 kept of 62 listed (1.9s)
[266/547] @cafedotcom /streams ... 0 kept of 0 listed (0.2s)
[267/547] @fastpoliticspodcast /videos ... 145 kept of 162 listed (4.3s)
[268/547] @fastpoliticspodcast /streams ... ERROR: [youtube:tab] @fastpoliticspodcast: This channel does not have a streams tab
no such tab
[269/547] @RestPoliticsUS /videos ... 220 kept of 244 listed (6.4s)
[270/547] @RestPoliticsUS /streams ... 5 kept of 5 listed (0.4s)
[271/547] @LastWeekTonight /videos ... 35 kept of 37 listed (2.3s)
[272/547] @LastWeekTonight /streams ... ERROR: [youtube:tab] @LastWeekTonight: This channel does not have a streams tab
no such tab
[273/547] @thehill /videos ... 4250 kept of 4627 listed (121.0s)
[274/547] @thehill /streams ... 509 kept of 559 listed (14.6s)
[275/547] @AfterPartyEmily /videos ... 410 kept of 453 listed (12.2s)
[276/547] @AfterPartyEmily /streams ... 74 kept of 83 listed (1.9s)
[277/547] @UndercurrentsUnHerd /videos ... 0 kept of 1 listed (0.4s)
[278/547] @UndercurrentsUnHerd /streams ... 0 kept of 0 listed (0.3s)
[279/547] @wethefifth /videos ... 112 kept of 124 listed (3.5s)
[280/547] @wethefifth /streams ... 2 kept of 2 listed (0.3s)
[281/547] @morebridgetphetasy /videos ... 206 kept of 225 listed (5.9s)
[282/547] @morebridgetphetasy /streams ... ERROR: [youtube:tab] @morebridgetphetasy: This channel does not have a streams tab
no such tab
[283/547] @ZeihanonGeopolitics /videos ... 217 kept of 239 listed (5.9s)
[284/547] @ZeihanonGeopolitics /streams ... ERROR: [youtube:tab] @ZeihanonGeopolitics: This channel does not have a streams tab
no such tab
[285/547] @CaspianReport /videos ... 25 kept of 27 listed (0.4s)
[286/547] @CaspianReport /streams ... ERROR: [youtube:tab] @CaspianReport: This channel does not have a streams tab
no such tab
[287/547] @PerunAU /videos ... 37 kept of 41 listed (1.4s)
[288/547] @PerunAU /streams ... ERROR: [youtube:tab] @PerunAU: This channel does not have a streams tab
no such tab
[289/547] @UnHerd /videos ... 83 kept of 95 listed (2.9s)
[290/547] @UnHerd /streams ... 17 kept of 21 listed (0.4s)
[291/547] @ZubyMusic /videos ... 139 kept of 159 listed (4.3s)
[292/547] @ZubyMusic /streams ... 0 kept of 0 listed (0.4s)
[293/547] @winston_marshall /videos ... 109 kept of 119 listed (2.7s)
[294/547] @winston_marshall /streams ... ERROR: [youtube:tab] @winston_marshall: This channel does not have a streams tab
no such tab
[295/547] @ClubRandomPodcast /videos ... 197 kept of 220 listed (5.7s)
[296/547] @ClubRandomPodcast /streams ... ERROR: [youtube:tab] @ClubRandomPodcast: This channel does not have a streams tab
no such tab
[297/547] @TheAdamCarollaShow1 /videos ... 395 kept of 436 listed (11.3s)
[298/547] @TheAdamCarollaShow1 /streams ... 0 kept of 0 listed (0.3s)
[299/547] @NickShirley /videos ... 32 kept of 40 listed (1.2s)
[300/547] @NickShirley /streams ... 13 kept of 17 listed (0.4s)
[301/547] @RealDanBongino /videos ... 266 kept of 266 listed (6.6s)
[302/547] @RealDanBongino /streams ... 0 kept of 0 listed (0.4s)
[303/547] @RedactedNews /videos ... 452 kept of 520 listed (13.6s)
[304/547] @RedactedNews /streams ... 140 kept of 152 listed (4.2s)
[305/547] @GrahamAllen /videos ... 247 kept of 247 listed (6.7s)
[306/547] @GrahamAllen /streams ... 0 kept of 0 listed (0.4s)
[307/547] @chicksonright /videos ... 475 kept of 527 listed (13.8s)
[308/547] @chicksonright /streams ... 179 kept of 196 listed (5.1s)
[309/547] @X22Report-y5y /videos ... 396 kept of 418 listed (10.7s)
[310/547] @X22Report-y5y /streams ... ERROR: [youtube:tab] @X22Report-y5y: This channel does not have a streams tab
no such tab
[311/547] @AndWeKnowOfficial-o9b /videos ... 185 kept of 197 listed (5.0s)
[312/547] @AndWeKnowOfficial-o9b /streams ... ERROR: [youtube:tab] @AndWeKnowOfficial-o9b: This channel does not have a streams tab
no such tab
[313/547] @RSBN /videos ... 1642 kept of 1724 listed (45.9s)
[314/547] @RSBN /streams ... 337 kept of 376 listed (9.6s)
[315/547] @RealAmericasVoice /videos ... 2659 kept of 3851 listed (108.2s)
[316/547] @RealAmericasVoice /streams ... 2958 kept of 2989 listed (81.0s)
[317/547] @NewsmaxTV /videos ... 3945 kept of 4368 listed (127.5s)
[318/547] @NewsmaxTV /streams ... 404 kept of 438 listed (11.4s)
[319/547] @oann /videos ... 1804 kept of 1887 listed (52.0s)
[320/547] @oann /streams ... 344 kept of 363 listed (10.0s)
[321/547] @HangOutwithSeanHannity /videos ... 154 kept of 154 listed (4.1s)
[322/547] @HangOutwithSeanHannity /streams ... ERROR: [youtube:tab] @HangOutwithSeanHannity: This channel does not have a streams tab
no such tab
[323/547] @FoxNews /videos ... 8213 kept of 9139 listed (234.3s)
[324/547] @FoxNews /streams ... 655 kept of 771 listed (20.3s)
[325/547] @FoxNewsChannelClips /videos ... 5748 kept of 6360 listed (174.6s)
[326/547] @FoxNewsChannelClips /streams ... ERROR: [youtube:tab] @FoxNewsChannelClips: This channel does not have a streams tab
no such tab
[327/547] @NBCNews /videos ... 6516 kept of 7196 listed (188.0s)
[328/547] @NBCNews /streams ... 404 kept of 429 listed (11.0s)
[329/547] @CNN /videos ... 1758 kept of 2123 listed (56.1s)
[330/547] @CNN /streams ... 95 kept of 96 listed (2.9s)
[331/547] @ABCNews /videos ... 8002 kept of 8806 listed (234.6s)
[332/547] @ABCNews /streams ... 626 kept of 699 listed (18.4s)
[333/547] @CBSNews /videos ... 8322 kept of 9170 listed (235.0s)
[334/547] @CBSNews /streams ... 369 kept of 403 listed (10.6s)
[335/547] @NewsNation /videos ... 7390 kept of 8390 listed (233.2s)
[336/547] @NewsNation /streams ... 306 kept of 338 listed (9.0s)
[337/547] @Reuters /videos ... 8092 kept of 8856 listed (239.4s)
[338/547] @Reuters /streams ... 2294 kept of 2559 listed (67.7s)
[339/547] @BBCNews /videos ... 2445 kept of 2683 listed (84.2s)
[340/547] @BBCNews /streams ... 0 kept of 0 listed (0.2s)
[341/547] @aljazeeraenglish /videos ... 7006 kept of 7685 listed (199.4s)
[342/547] @aljazeeraenglish /streams ... 0 kept of 1 listed (0.8s)
[343/547] @AssociatedPress /videos ... 5574 kept of 6274 listed (168.7s)
[344/547] @AssociatedPress /streams ... 1332 kept of 1450 listed (38.7s)
[345/547] @nytimes /videos ... 71 kept of 78 listed (1.9s)
[346/547] @nytimes /streams ... 0 kept of 6 listed (0.4s)
[347/547] @wsj /videos ... 119 kept of 132 listed (3.5s)
[348/547] @wsj /streams ... 11 kept of 11 listed (0.4s)
[349/547] @markets /videos ... 8008 kept of 8704 listed (230.9s)
[350/547] @markets /streams ... 56 kept of 62 listed (1.9s)
[351/547] @USATODAY /videos ... 2224 kept of 2373 listed (63.2s)
[352/547] @USATODAY /streams ... 430 kept of 470 listed (12.2s)
[353/547] @NPR /videos ... 73 kept of 75 listed (1.8s)
[354/547] @NPR /streams ... 1 kept of 1 listed (0.4s)
[355/547] @POLITICO /videos ... 295 kept of 318 listed (8.0s)
[356/547] @POLITICO /streams ... 0 kept of 0 listed (0.3s)
[357/547] @axios /videos ... 138 kept of 198 listed (5.2s)
[358/547] @axios /streams ... 8 kept of 14 listed (0.4s)
[359/547] @Vox /videos ... 133 kept of 139 listed (3.4s)
[360/547] @Vox /streams ... 0 kept of 0 listed (0.3s)
[361/547] @TheDailyBeast /videos ... 322 kept of 379 listed (9.8s)
[362/547] @TheDailyBeast /streams ... 34 kept of 36 listed (1.1s)
[363/547] @Semafor /videos ... 153 kept of 164 listed (4.3s)
[364/547] @Semafor /streams ... 30 kept of 39 listed (1.1s)
[365/547] @FinancialTimes /videos ... 40 kept of 46 listed (1.1s)
[366/547] @FinancialTimes /streams ... 0 kept of 0 listed (0.4s)
[367/547] @Forbes /videos ... 1269 kept of 1406 listed (37.2s)
[368/547] @Forbes /streams ... 3 kept of 3 listed (0.4s)
[369/547] @TechCrunch /videos ... 146 kept of 169 listed (4.3s)
[370/547] @TechCrunch /streams ... 0 kept of 0 listed (0.4s)
[371/547] @TheAtlantic /videos ... 166 kept of 179 listed (4.4s)
[372/547] @TheAtlantic /streams ... 5 kept of 5 listed (0.3s)
[373/547] @newyorker /videos ... 51 kept of 60 listed (1.9s)
[374/547] @newyorker /streams ... 0 kept of 0 listed (0.3s)
[375/547] @TheEconomist /videos ... 137 kept of 157 listed (4.1s)
[376/547] @TheEconomist /streams ... 0 kept of 0 listed (0.3s)
[377/547] @nationalreview /videos ... 191 kept of 212 listed (5.6s)
[378/547] @nationalreview /streams ... 2 kept of 2 listed (0.3s)
[379/547] @nypost /videos ... 6305 kept of 6883 listed (180.8s)
[380/547] @nypost /streams ... 114 kept of 129 listed (3.4s)
[381/547] @clayandbuck /videos ... 581 kept of 645 listed (17.8s)
[382/547] @clayandbuck /streams ... 42 kept of 43 listed (1.1s)
[383/547] @TheBrianKilmeadeShow /videos ... 352 kept of 352 listed (9.0s)
[384/547] @TheBrianKilmeadeShow /streams ... 2 kept of 2 listed (0.3s)
[385/547] @MarkDice /videos ... 92 kept of 105 listed (2.8s)
[386/547] @MarkDice /streams ... 0 kept of 0 listed (0.2s)
[387/547] @PrisonPlanetLive /videos ... 56 kept of 62 listed (1.9s)
[388/547] @PrisonPlanetLive /streams ... ERROR: [youtube:tab] @PrisonPlanetLive: This channel does not have a streams tab
no such tab
[389/547] @LiberalHivemind /videos ... 855 kept of 933 listed (24.0s)
[390/547] @LiberalHivemind /streams ... ERROR: [youtube:tab] @LiberalHivemind: This channel does not have a streams tab
no such tab
[391/547] @MrReaganUSA /videos ... 26 kept of 29 listed (0.5s)
[392/547] @MrReaganUSA /streams ... 2 kept of 11 listed (0.4s)
[393/547] @BlackConservativePerspective /videos ... 1271 kept of 1402 listed (37.1s)
[394/547] @BlackConservativePerspective /streams ... 1 kept of 1 listed (0.4s)
[395/547] @FleccasTalks /videos ... 290 kept of 298 listed (7.8s)
[396/547] @FleccasTalks /streams ... ERROR: [youtube:tab] @FleccasTalks: This channel does not have a streams tab
no such tab
[397/547] @laurenchenclips /videos ... 109 kept of 109 listed (2.8s)
[398/547] @laurenchenclips /streams ... ERROR: [youtube:tab] @laurenchenclips: This channel does not have a streams tab
no such tab
[399/547] @mikhaila /videos ... 27 kept of 28 listed (0.4s)
[400/547] @mikhaila /streams ... ERROR: [youtube:tab] @mikhaila: This channel does not have a streams tab
no such tab
[401/547] @MattBernstein1 /videos ... 21 kept of 24 listed (4.0s)
[402/547] @MattBernstein1 /streams ... ERROR: [youtube:tab] @MattBernstein1: This channel does not have a streams tab
no such tab
[403/547] @TomiLahrenIsFearless /videos ... 118 kept of 136 listed (3.5s)
[404/547] @TomiLahrenIsFearless /streams ... ERROR: [youtube:tab] @TomiLahrenIsFearless: This channel does not have a streams tab
no such tab
[405/547] @RufoandLomez /videos ... 80 kept of 111 listed (2.8s)
[406/547] @RufoandLomez /streams ... ERROR: [youtube:tab] @RufoandLomez: This channel does not have a streams tab
no such tab
[407/547] @newdiscourses /videos ... 98 kept of 106 listed (2.7s)
[408/547] @newdiscourses /streams ... ERROR: [youtube:tab] @newdiscourses: This channel does not have a streams tab
no such tab
[409/547] @JesseKellyDC /videos ... 505 kept of 572 listed (15.9s)
[410/547] @JesseKellyDC /streams ... 1 kept of 1 listed (3.8s)
[411/547] @TheAmalaEkpunobi /videos ... 211 kept of 237 listed (5.8s)
[412/547] @TheAmalaEkpunobi /streams ... 12 kept of 12 listed (0.4s)
[413/547] @XAVIAER /videos ... 71 kept of 79 listed (2.5s)
[414/547] @XAVIAER /streams ... 3 kept of 3 listed (0.4s)
[415/547] @BlaireWhiteX /videos ... 11 kept of 12 listed (0.4s)
[416/547] @BlaireWhiteX /streams ... 0 kept of 0 listed (0.3s)
[417/547] @AlexStein99 /videos ... 87 kept of 98 listed (2.7s)
[418/547] @AlexStein99 /streams ... 41 kept of 57 listed (1.2s)
[419/547] @RileyGaines /videos ... 143 kept of 143 listed (3.5s)
[420/547] @RileyGaines /streams ... ERROR: [youtube:tab] @RileyGaines: This channel does not have a streams tab
no such tab
[421/547] @SavSays /videos ... 16 kept of 16 listed (0.4s)
[422/547] @SavSays /streams ... 1 kept of 1 listed (0.4s)
[423/547] @CamHigby /videos ... 187 kept of 248 listed (6.6s)
[424/547] @CamHigby /streams ... 71 kept of 101 listed (2.7s)
[425/547] @BrittanyVenti /videos ... 55 kept of 57 listed (4.7s)
[426/547] @BrittanyVenti /streams ... 19 kept of 22 listed (0.4s)
[427/547] @jlptalk /videos ... 304 kept of 340 listed (9.2s)
[428/547] @jlptalk /streams ... 187 kept of 207 listed (4.9s)
[429/547] @AnaEscobarShow /videos ... 32 kept of 32 listed (1.1s)
[430/547] @AnaEscobarShow /streams ... 31 kept of 32 listed (1.1s)
[431/547] @fightbackpodcast /videos ... 632 kept of 687 listed (17.3s)
[432/547] @fightbackpodcast /streams ... 24 kept of 25 listed (0.4s)
[433/547] @JustPearlyThings /videos ... 669 kept of 776 listed (19.7s)
[434/547] @JustPearlyThings /streams ... 96 kept of 109 listed (2.7s)
[435/547] @MyronGainesX /videos ... 389 kept of 435 listed (11.2s)
[436/547] @MyronGainesX /streams ... 247 kept of 255 listed (6.7s)
[437/547] @SydneyWatson /videos ... 61 kept of 69 listed (1.9s)
[438/547] @SydneyWatson /streams ... ERROR: [youtube:tab] @SydneyWatson: This channel does not have a streams tab
no such tab
[439/547] @ThePodcastoftheLotusEaters /videos ... 622 kept of 685 listed (18.0s)
[440/547] @ThePodcastoftheLotusEaters /streams ... 179 kept of 180 listed (4.3s)
[441/547] @VivaFrei /videos ... 331 kept of 369 listed (9.4s)
[442/547] @VivaFrei /streams ... 52 kept of 58 listed (1.2s)
[443/547] @RobertGouveiaEsq /videos ... 696 kept of 786 listed (21.1s)
[444/547] @RobertGouveiaEsq /streams ... 396 kept of 446 listed (11.4s)
[445/547] @RekietaLaw /videos ... 18 kept of 21 listed (0.4s)
[446/547] @RekietaLaw /streams ... 106 kept of 122 listed (3.3s)
[447/547] @CashJordan /videos ... 301 kept of 304 listed (11.7s)
[448/547] @CashJordan /streams ... ERROR: [youtube:tab] @CashJordan: This channel does not have a streams tab
no such tab
[449/547] @ChadPrather1 /videos ... 160 kept of 169 listed (4.5s)
[450/547] @ChadPrather1 /streams ... 202 kept of 230 listed (5.9s)
[451/547] @OutKick /videos ... 51 kept of 67 listed (1.8s)
[452/547] @OutKick /streams ... 0 kept of 1 listed (0.5s)
[453/547] @Shoe0nHead /videos ... 10 kept of 11 listed (0.4s)
[454/547] @Shoe0nHead /streams ... ERROR: [youtube:tab] @Shoe0nHead: This channel does not have a streams tab
no such tab
[455/547] @notsoErudite /videos ... 43 kept of 46 listed (1.1s)
[456/547] @notsoErudite /streams ... 20 kept of 21 listed (0.5s)
[457/547] @MikeFromPA /videos ... 129 kept of 137 listed (3.4s)
[458/547] @MikeFromPA /streams ... ERROR: [youtube:tab] @MikeFromPA: This channel does not have a streams tab
no such tab
[459/547] @DestinyDGGClips /videos ... 209 kept of 245 listed (6.7s)
[460/547] @DestinyDGGClips /streams ... ERROR: [youtube:tab] @DestinyDGGClips: This channel does not have a streams tab
no such tab
[461/547] @destinyhqclips /videos ... 197 kept of 197 listed (5.1s)
[462/547] @destinyhqclips /streams ... ERROR: [youtube:tab] @destinyhqclips: This channel does not have a streams tab
no such tab
[463/547] @Bestiny /videos ... 0 kept of 0 listed (0.4s)
[464/547] @Bestiny /streams ... 0 kept of 0 listed (0.3s)
[465/547] @TheVaushPit /videos ... 403 kept of 440 listed (11.0s)
[466/547] @TheVaushPit /streams ... ERROR: [youtube:tab] @TheVaushPit: This channel does not have a streams tab
no such tab
[467/547] @HasanReactionsfanTwo /videos ... 340 kept of 372 listed (9.8s)
[468/547] @HasanReactionsfanTwo /streams ... ERROR: [youtube:tab] @HasanReactionsfanTwo: This channel does not have a streams tab
no such tab
[469/547] @HasanabiClips /videos ... 474 kept of 474 listed (12.1s)
[470/547] @HasanabiClips /streams ... 35 kept of 35 listed (1.1s)
[471/547] @YaBoiHakim /videos ... 16 kept of 17 listed (0.5s)
[472/547] @YaBoiHakim /streams ... ERROR: [youtube:tab] @YaBoiHakim: This channel does not have a streams tab
no such tab
[473/547] @BadEmpanadaLive /videos ... 298 kept of 334 listed (8.8s)
[474/547] @BadEmpanadaLive /streams ... 1 kept of 1 listed (0.3s)
[475/547] @Lunaoi /videos ... 9 kept of 10 listed (0.4s)
[476/547] @Lunaoi /streams ... ERROR: [youtube:tab] @Lunaoi: This channel does not have a streams tab
no such tab
[477/547] @revleftradio /videos ... 38 kept of 45 listed (1.3s)
[478/547] @revleftradio /streams ... 3 kept of 3 listed (0.3s)
[479/547] @franifio /videos ... 282 kept of 310 listed (8.4s)
[480/547] @franifio /streams ... 62 kept of 69 listed (2.0s)
[481/547] @BreakThroughNews /videos ... 242 kept of 269 listed (6.6s)
[482/547] @BreakThroughNews /streams ... 57 kept of 61 listed (1.9s)
[483/547] @JamarlThomas /videos ... 274 kept of 331 listed (9.2s)
[484/547] @JamarlThomas /streams ... 223 kept of 240 listed (6.5s)
[485/547] @NickCruseRBN /videos ... 23 kept of 26 listed (0.5s)
[486/547] @NickCruseRBN /streams ... 103 kept of 118 listed (2.9s)
[487/547] @Forthepeoplepodcast305 /videos ... 115 kept of 137 listed (3.8s)
[488/547] @Forthepeoplepodcast305 /streams ... 45 kept of 49 listed (1.2s)
[489/547] @RonPlacone /videos ... 66 kept of 70 listed (2.0s)
[490/547] @RonPlacone /streams ... 28 kept of 28 listed (1.2s)
[491/547] @katmabu /videos ... 35 kept of 37 listed (1.1s)
[492/547] @katmabu /streams ... 0 kept of 0 listed (3.6s)
[493/547] @evanjmez /videos ... 22 kept of 22 listed (0.4s)
[494/547] @evanjmez /streams ... ERROR: [youtube:tab] @evanjmez: This channel does not have a streams tab
no such tab
[495/547] @Politicon /videos ... 496 kept of 534 listed (13.8s)
[496/547] @Politicon /streams ... 1 kept of 1 listed (0.4s)
[497/547] @ColeHastings /videos ... 32 kept of 36 listed (1.1s)
[498/547] @ColeHastings /streams ... ERROR: [youtube:tab] @ColeHastings: This channel does not have a streams tab
no such tab
[499/547] @ModernDayDebate /videos ... 47 kept of 57 listed (1.2s)
[500/547] @ModernDayDebate /streams ... 109 kept of 119 listed (2.7s)
[501/547] @OwenReport /videos ... 388 kept of 432 listed (11.4s)
[502/547] @OwenReport /streams ... 178 kept of 201 listed (5.3s)
[503/547] @JillianMichaels /videos ... 457 kept of 482 listed (13.5s)
[504/547] @JillianMichaels /streams ... ERROR: [youtube:tab] @JillianMichaels: This channel does not have a streams tab
no such tab
[505/547] @ANINewsIndia /videos ... 12296 kept of 13628 listed (370.6s)
[506/547] @ANINewsIndia /streams ... 7717 kept of 8449 listed (228.6s)
[507/547] @nousnetwork /videos ... 156 kept of 162 listed (4.4s)
[508/547] @nousnetwork /streams ... ERROR: [youtube:tab] @nousnetwork: This channel does not have a streams tab
no such tab
[509/547] @bushrakhanum /videos ... 22 kept of 22 listed (0.4s)
[510/547] @bushrakhanum /streams ... 0 kept of 0 listed (0.3s)
[511/547] @theGuardian /videos ... 39 kept of 43 listed (1.2s)
[512/547] @theGuardian /streams ... 0 kept of 0 listed (0.3s)
[513/547] @CoreyGilShusterAskProject /videos ... 53 kept of 60 listed (1.8s)
[514/547] @CoreyGilShusterAskProject /streams ... 2 kept of 2 listed (0.3s)
[515/547] @ajplus /videos ... 50 kept of 55 listed (1.2s)
[516/547] @ajplus /streams ... 0 kept of 0 listed (0.3s)
[517/547] @Channel5YouTube /videos ... 43 kept of 44 listed (1.2s)
[518/547] @Channel5YouTube /streams ... ERROR: [youtube:tab] @Channel5YouTube: This channel does not have a streams tab
no such tab
[519/547] @OfficialSaharTV /videos ... 893 kept of 969 listed (25.6s)
[520/547] @OfficialSaharTV /streams ... 2 kept of 2 listed (0.3s)
[521/547] @SkyNews /videos ... 3681 kept of 4194 listed (109.0s)
[522/547] @SkyNews /streams ... 1976 kept of 2246 listed (60.3s)
[523/547] @NYTOpinion /videos ... 29 kept of 35 listed (1.1s)
[524/547] @NYTOpinion /streams ... ERROR: [youtube:tab] @NYTOpinion: This channel does not have a streams tab
no such tab
[525/547] @NYTPodcasts /videos ... 481 kept of 530 listed (13.6s)
[526/547] @NYTPodcasts /streams ... ERROR: [youtube:tab] @NYTPodcasts: This channel does not have a streams tab
no such tab
[527/547] @EzraKleinShow /videos ... 65 kept of 75 listed (2.1s)
[528/547] @EzraKleinShow /streams ... 1 kept of 1 listed (0.3s)
[529/547] @Unpacked /videos ... 41 kept of 44 listed (1.1s)
[530/547] @Unpacked /streams ... 0 kept of 0 listed (0.3s)
[531/547] @timesofindia /videos ... 9928 kept of 10996 listed (308.9s)
[532/547] @timesofindia /streams ... 3582 kept of 4349 listed (126.6s)
[533/547] @Firstpost /videos ... 10136 kept of 10920 listed (312.3s)
[534/547] @Firstpost /streams ... 10365 kept of 11594 listed (324.4s)
[535/547] @60minutes /videos ... 325 kept of 384 listed (9.4s)
[536/547] @60minutes /streams ... ERROR: [youtube:tab] @60minutes: This channel does not have a streams tab
no such tab
[537/547] @chinainsights-r2w /videos ... 278 kept of 352 listed (9.3s)
[538/547] @chinainsights-r2w /streams ... ERROR: [youtube:tab] @chinainsights-r2w: This channel does not have a streams tab
no such tab
[539/547] @TimesNowWorld /videos ... 9001 kept of 9879 listed (265.2s)
[540/547] @TimesNowWorld /streams ... 5323 kept of 5951 listed (168.2s)
[541/547] @johnnyharris /videos ... 13 kept of 18 listed (0.4s)
[542/547] @johnnyharris /streams ... ERROR: [youtube:tab] @johnnyharris: This channel does not have a streams tab
no such tab
[543/547] https://rumble.com/c/GGreenwald /videos ... 76 kept of 76 listed (3.9s)
[544/547] https://rumble.com/c/russellbrand /videos ... 262 kept of 262 listed (12.2s)
[545/547] https://rumble.com/c/BannonsWarRoom /videos ... ERROR: giving up on https://rumble.com/c/BannonsWarRoom?page=147: HTTP 429 for https://rumble.com/c/BannonsWarRoom?page=147
[546/547] https://rumble.com/c/nickjfuentes /videos ... ERROR: giving up on https://rumble.com/c/nickjfuentes?page=5: HTTP 429 for https://rumble.com/c/nickjfuentes?page=5
[547/547] https://rumble.com/c/TheAlexJonesShowLive /videos ... ERROR: giving up on https://rumble.com/c/TheAlexJonesShowLive?page=5: HTTP 429 for https://rumble.com/c/TheAlexJonesShowLive?pa
Done: jobs=547, skipped=11, ok=476, no_tab=57, error=3, videos=299933, csv_rows=304151
--- rumble retry 14:33:27 (sleep 3, only the 3 unsettled jobs run) ---
[545/547] https://rumble.com/c/BannonsWarRoom /videos ... ERROR: giving up on https://rumble.com/c/BannonsWarRoom?page=155: HTTP 429 for https://rumble.com/c/BannonsWarRoom?page=155
[546/547] https://rumble.com/c/nickjfuentes /videos ... ERROR: giving up on https://rumble.com/c/nickjfuentes?page=5: HTTP 429 for https://rumble.com/c/nickjfuentes?page=5
[547/547] https://rumble.com/c/TheAlexJonesShowLive /videos ... ERROR: giving up on https://rumble.com/c/TheAlexJonesShowLive?page=5: HTTP 429 for https://rumble.com/c/TheAlexJonesShowLive?pa
Done: jobs=547, skipped=544, ok=0, no_tab=0, error=3, videos=0, csv_rows=304151
--- rumble retry 2 14:46:28 (sleep 5, 429-aware backoff) ---
[541/543] https://rumble.com/c/BannonsWarRoom /videos ...   rate-limited (429) on https://rumble.com/c/BannonsWarRoom?page=5; waiting 30s (attempt 1/6)
  rate-limited (429) on https://rumble.com/c/BannonsWarRoom?page=5; waiting 60s (attempt 2/6)
  rate-limited (429) on https://rumble.com/c/BannonsWarRoom?page=5; waiting 90s (attempt 3/6)
  rate-limited (429) on https://rumble.com/c/BannonsWarRoom?page=5; waiting 120s (attempt 4/6)
  rate-limited (429) on https://rumble.com/c/BannonsWarRoom?page=5; waiting 150s (attempt 5/6)
--- retry 2 stopped 14:53:07; deferred retry 3 scheduled for +60 min (sleep 10) ---
--- rumble retry 3 15:16:23 (started early after a 200 probe; sleep 10) ---
[541/543] https://rumble.com/c/BannonsWarRoom /videos ... 4619 kept of 4619 listed (2129.5s)
[542/543] https://rumble.com/c/nickjfuentes /videos ... 309 kept of 309 listed (124.6s)
[543/543] https://rumble.com/c/TheAlexJonesShowLive /videos ... 517 kept of 517 listed (228.7s)
Done: jobs=543, skipped=540, ok=3, no_tab=0, error=0, videos=5445, csv_rows=309596
